// Jest Snapshot v1, https://goo.gl/fbAQLP

exports[`ServiceCard test cases should render correctly 1`] = `
<div>
  <a
    class="chakra-link css-1xo1vqh"
    href="#"
  >
    <div
      class="css-ua73v8"
    >
      <img
        alt="Carpenter"
        data-nimg="1"
        decoding="async"
        height="165"
        loading="lazy"
        src="/_next/image?url=https%3A%2F%2Fi.ibb.co%2F7WfPDMJ%2Fservice01.png&w=384&q=75"
        srcset="/_next/image?url=https%3A%2F%2Fi.ibb.co%2F7WfPDMJ%2Fservice01.png&w=256&q=75 1x, /_next/image?url=https%3A%2F%2Fi.ibb.co%2F7WfPDMJ%2Fservice01.png&w=384&q=75 2x"
        style="color: transparent; width: 100%; min-height: 165px; background-size: cover; background-position: 50% 50%; background-repeat: no-repeat;"
        width="161"
      />
    </div>
    <div
      class="css-1g4yje1"
      justify-content="flex-end"
    >
      <div
        class="css-17xejub"
      />
      <p
        class="chakra-text css-od0eia"
      >
        Carpenter
      </p>
      <p
        class="chakra-text css-18bew60"
      >
        €45
      </p>
    </div>
  </a>
</div>
`;
