// Jest Snapshot v1, https://goo.gl/fbAQLP

exports[`should render correctly 1`] = `
<div>
  <div
    class="css-1owjrhv"
  >
    <img
      alt="Technician"
      data-nimg="1"
      decoding="async"
      height="38"
      loading="lazy"
      src="/images/technician.svg"
      style="color: transparent;"
      width="37"
    />
    <div
      class="css-0"
    >
      <p
        class="chakra-text css-p3xeyl"
      >
        Technician
      </p>
      <p
        class="chakra-text css-1o9nuri"
      >
        At Home
      </p>
    </div>
  </div>
</div>
`;
