// Jest Snapshot v1, https://goo.gl/fbAQLP

exports[`Table test cases should render correctly 1`] = `
<div>
  <div
    class="css-1xauz2z"
  >
    <div
      class="css-17i2wn"
      role="list"
    >
      <div
        class="css-c8uo9c"
      />
      <div
        class="css-16f0jog"
      >
        <p
          class="chakra-text css-0"
        >
          Product name
        </p>
        <div
          class="css-1gb1rig"
        >
          <svg
            class="chakra-icon css-11mwvlo"
            focusable="false"
            viewBox="0 0 24 24"
          >
            <path
              d="M12.8,5.4c-0.377-0.504-1.223-0.504-1.6,0l-9,12c-0.228,0.303-0.264,0.708-0.095,1.047 C2.275,18.786,2.621,19,3,19h18c0.379,0,0.725-0.214,0.895-0.553c0.169-0.339,0.133-0.744-0.095-1.047L12.8,5.4z"
              fill="currentColor"
            />
          </svg>
          <svg
            class="chakra-icon css-weiglo"
            focusable="false"
            viewBox="0 0 24 24"
          >
            <path
              d="M21,5H3C2.621,5,2.275,5.214,2.105,5.553C1.937,5.892,1.973,6.297,2.2,6.6l9,12 c0.188,0.252,0.485,0.4,0.8,0.4s0.611-0.148,0.8-0.4l9-12c0.228-0.303,0.264-0.708,0.095-1.047C21.725,5.214,21.379,5,21,5z"
              fill="currentColor"
            />
          </svg>
        </div>
      </div>
      <div
        class="css-ty3ry7"
      >
        <p
          class="chakra-text css-0"
        >
          Brand name
        </p>
      </div>
      <div
        class="css-p3ab7x"
      >
        <p
          class="chakra-text css-0"
        >
          Service
        </p>
      </div>
      <div
        class="css-1kj85ga"
      >
        <p
          class="chakra-text css-0"
        >
          Status
        </p>
      </div>
      <div
        class="css-1n3sooa"
      >
        <p
          class="chakra-text css-1rrgtke"
        >
          Actions
        </p>
      </div>
    </div>
    <div
      class="css-zfiscw"
    >
      <div
        class="css-kzcie9"
      >
        <div
          class="css-13f3c3a"
        >
          <label
            class="chakra-checkbox css-1elxtiq"
            data-disabled=""
          >
            <input
              aria-disabled="true"
              class="chakra-checkbox__input"
              disabled=""
              style="border: 0px; clip: rect(0px, 0px, 0px, 0px); height: 1px; width: 1px; margin: -1px; padding: 0px; overflow: hidden; white-space: nowrap; position: absolute;"
              type="checkbox"
              value=""
            />
            <span
              aria-hidden="true"
              class="chakra-checkbox__control css-dnty2r"
              data-disabled=""
            />
          </label>
        </div>
        <div
          class="css-sspw3w"
        >
          <p
            class="chakra-text css-6pogpz"
          >
            Washing machine
          </p>
        </div>
        <div
          class="css-17pip8y"
        >
          <p
            class="chakra-text css-6pogpz"
          >
            Hitachi
          </p>
        </div>
        <div
          class="css-ifuqlw"
        >
          <p
            class="chakra-text css-6pogpz"
          >
            Repair
          </p>
        </div>
        <div
          class="css-1490dfh"
        >
          <div
            class="css-70qvj9"
          >
            <div
              class="chakra-icon css-19b2uvg"
              focusable="false"
            />
            <p
              class="chakra-text css-0"
              data-testid="status-value"
            >
              Activated
            </p>
          </div>
        </div>
        <div
          class="css-4khqpw"
        >
          <div
            class="css-1gqs4bv"
          />
        </div>
      </div>
    </div>
    <div
      class="css-zfiscw"
    >
      <div
        class="css-kzcie9"
      >
        <div
          class="css-13f3c3a"
        >
          <label
            class="chakra-checkbox css-1elxtiq"
            data-disabled=""
          >
            <input
              aria-disabled="true"
              class="chakra-checkbox__input"
              disabled=""
              style="border: 0px; clip: rect(0px, 0px, 0px, 0px); height: 1px; width: 1px; margin: -1px; padding: 0px; overflow: hidden; white-space: nowrap; position: absolute;"
              type="checkbox"
              value=""
            />
            <span
              aria-hidden="true"
              class="chakra-checkbox__control css-dnty2r"
              data-disabled=""
            />
          </label>
        </div>
        <div
          class="css-sspw3w"
        >
          <p
            class="chakra-text css-6pogpz"
          >
            Air conditioner
          </p>
        </div>
        <div
          class="css-17pip8y"
        >
          <p
            class="chakra-text css-6pogpz"
          >
            LG
          </p>
        </div>
        <div
          class="css-ifuqlw"
        >
          <p
            class="chakra-text css-6pogpz"
          >
            Installation
          </p>
        </div>
        <div
          class="css-1490dfh"
        >
          <div
            class="css-70qvj9"
          >
            <div
              class="chakra-icon css-crig9m"
              focusable="false"
            />
            <p
              class="chakra-text css-0"
              data-testid="status-value"
            >
              Deactivated
            </p>
          </div>
        </div>
        <div
          class="css-4khqpw"
        >
          <div
            class="css-1gqs4bv"
          />
        </div>
      </div>
    </div>
    <div
      class="css-zfiscw"
    >
      <div
        class="css-kzcie9"
      >
        <div
          class="css-13f3c3a"
        >
          <label
            class="chakra-checkbox css-1elxtiq"
            data-disabled=""
          >
            <input
              aria-disabled="true"
              class="chakra-checkbox__input"
              disabled=""
              style="border: 0px; clip: rect(0px, 0px, 0px, 0px); height: 1px; width: 1px; margin: -1px; padding: 0px; overflow: hidden; white-space: nowrap; position: absolute;"
              type="checkbox"
              value=""
            />
            <span
              aria-hidden="true"
              class="chakra-checkbox__control css-dnty2r"
              data-disabled=""
            />
          </label>
        </div>
        <div
          class="css-sspw3w"
        >
          <p
            class="chakra-text css-6pogpz"
          >
            Smart TV
          </p>
        </div>
        <div
          class="css-17pip8y"
        >
          <p
            class="chakra-text css-6pogpz"
          >
            OnePlus
          </p>
        </div>
        <div
          class="css-ifuqlw"
        >
          <p
            class="chakra-text css-6pogpz"
          >
            Uninstallation
          </p>
        </div>
        <div
          class="css-1490dfh"
        >
          <div
            class="css-70qvj9"
          >
            <div
              class="chakra-icon css-19b2uvg"
              focusable="false"
            />
            <p
              class="chakra-text css-0"
              data-testid="status-value"
            >
              Activated
            </p>
          </div>
        </div>
        <div
          class="css-4khqpw"
        >
          <div
            class="css-1gqs4bv"
          />
        </div>
      </div>
    </div>
    <div
      class="css-zfiscw"
    >
      <div
        class="css-kzcie9"
      >
        <div
          class="css-13f3c3a"
        >
          <label
            class="chakra-checkbox css-1elxtiq"
            data-disabled=""
          >
            <input
              aria-disabled="true"
              class="chakra-checkbox__input"
              disabled=""
              style="border: 0px; clip: rect(0px, 0px, 0px, 0px); height: 1px; width: 1px; margin: -1px; padding: 0px; overflow: hidden; white-space: nowrap; position: absolute;"
              type="checkbox"
              value=""
            />
            <span
              aria-hidden="true"
              class="chakra-checkbox__control css-dnty2r"
              data-disabled=""
            />
          </label>
        </div>
        <div
          class="css-sspw3w"
        >
          <p
            class="chakra-text css-6pogpz"
          >
            Water purifier
          </p>
        </div>
        <div
          class="css-17pip8y"
        >
          <p
            class="chakra-text css-6pogpz"
          >
            Kent
          </p>
        </div>
        <div
          class="css-ifuqlw"
        >
          <p
            class="chakra-text css-6pogpz"
          >
            Repair
          </p>
        </div>
        <div
          class="css-1490dfh"
        >
          <div
            class="css-70qvj9"
          >
            <div
              class="chakra-icon css-19b2uvg"
              focusable="false"
            />
            <p
              class="chakra-text css-0"
              data-testid="status-value"
            >
              Activated
            </p>
          </div>
        </div>
        <div
          class="css-4khqpw"
        >
          <div
            class="css-1gqs4bv"
          />
        </div>
      </div>
    </div>
  </div>
</div>
`;
