// Jest Snapshot v1, https://goo.gl/fbAQLP

exports[`Technician test cases should render correctly 1`] = `
<div>
  <div
    class="css-neaj8j"
  >
    <h2
      class="chakra-heading css-0"
    >
      Add Technicians
    </h2>
    <p
      class="chakra-text css-0"
    >
      Click on the  
      <span
        class="chakra-text css-ss2gmn"
      >
        Email 
      </span>
      & send the magic link to technicians
    </p>
    <img
      alt="Technicians"
      data-nimg="1"
      decoding="async"
      height="300"
      loading="lazy"
      src="/_next/image?url=https%3A%2F%2Fi.ibb.co%2FqMWPNmx%2Ftechnician.webp&w=750&q=75"
      srcset="/_next/image?url=https%3A%2F%2Fi.ibb.co%2FqMWPNmx%2Ftechnician.webp&w=384&q=75 1x, /_next/image?url=https%3A%2F%2Fi.ibb.co%2FqMWPNmx%2Ftechnician.webp&w=750&q=75 2x"
      style="color: transparent; width: 100%; height: auto;"
      width="326"
    />
  </div>
</div>
`;
