// Jest Snapshot v1, https://goo.gl/fbAQLP

exports[`ServiceList test cases should render correctly 1`] = `
<div>
  <div
    class="css-1j52cd2"
    role="list"
  >
    <a
      class="chakra-link css-1r22un5"
      href="#"
    >
      <div
        class="css-ua73v8"
      >
        <img
          alt="Carpenter"
          data-nimg="1"
          decoding="async"
          height="165"
          loading="lazy"
          src="/_next/image?url=https%3A%2F%2Fi.ibb.co%2F7WfPDMJ%2Fservice01.png&w=384&q=75"
          srcset="/_next/image?url=https%3A%2F%2Fi.ibb.co%2F7WfPDMJ%2Fservice01.png&w=256&q=75 1x, /_next/image?url=https%3A%2F%2Fi.ibb.co%2F7WfPDMJ%2Fservice01.png&w=384&q=75 2x"
          style="color: transparent; width: 100%; height: 100%; background-size: cover; background-position: 50% 50%; background-repeat: no-repeat;"
          width="161"
        />
      </div>
      <div
        class="css-1g4yje1"
        justify-content="flex-end"
      >
        <div
          class="css-17xejub"
        />
        <p
          class="chakra-text css-od0eia"
        >
          Carpenter
        </p>
        <p
          class="chakra-text css-18bew60"
        >
          €45
        </p>
      </div>
    </a>
    <a
      class="chakra-link css-1r22un5"
      href="#"
    >
      <div
        class="css-ua73v8"
      >
        <img
          alt="Ac Service & repair"
          data-nimg="1"
          decoding="async"
          height="165"
          loading="lazy"
          src="/_next/image?url=https%3A%2F%2Fi.ibb.co%2FG069RKZ%2Fservice02.png&w=384&q=75"
          srcset="/_next/image?url=https%3A%2F%2Fi.ibb.co%2FG069RKZ%2Fservice02.png&w=256&q=75 1x, /_next/image?url=https%3A%2F%2Fi.ibb.co%2FG069RKZ%2Fservice02.png&w=384&q=75 2x"
          style="color: transparent; width: 100%; height: 100%; background-size: cover; background-position: 50% 50%; background-repeat: no-repeat;"
          width="161"
        />
      </div>
      <div
        class="css-1g4yje1"
        justify-content="flex-end"
      >
        <div
          class="css-17xejub"
        />
        <p
          class="chakra-text css-od0eia"
        >
          Ac Service & repair
        </p>
        <p
          class="chakra-text css-18bew60"
        >
          €25
        </p>
      </div>
    </a>
    <a
      class="chakra-link css-1r22un5"
      href="#"
    >
      <div
        class="css-ua73v8"
      >
        <img
          alt="Kitchecn Deep Cleaning"
          data-nimg="1"
          decoding="async"
          height="165"
          loading="lazy"
          src="/_next/image?url=https%3A%2F%2Fi.ibb.co%2Fnw3YSHS%2Fservice03.png&w=384&q=75"
          srcset="/_next/image?url=https%3A%2F%2Fi.ibb.co%2Fnw3YSHS%2Fservice03.png&w=256&q=75 1x, /_next/image?url=https%3A%2F%2Fi.ibb.co%2Fnw3YSHS%2Fservice03.png&w=384&q=75 2x"
          style="color: transparent; width: 100%; height: 100%; background-size: cover; background-position: 50% 50%; background-repeat: no-repeat;"
          width="161"
        />
      </div>
      <div
        class="css-1g4yje1"
        justify-content="flex-end"
      >
        <div
          class="css-17xejub"
        />
        <p
          class="chakra-text css-od0eia"
        >
          Kitchecn Deep Cleaning
        </p>
        <p
          class="chakra-text css-18bew60"
        >
          €30
        </p>
      </div>
    </a>
    <a
      class="chakra-link css-1r22un5"
      href="#"
    >
      <div
        class="css-ua73v8"
      >
        <img
          alt="Electrician"
          data-nimg="1"
          decoding="async"
          height="165"
          loading="lazy"
          src="/_next/image?url=https%3A%2F%2Fi.ibb.co%2FCvnw8GY%2Fservice04.png&w=384&q=75"
          srcset="/_next/image?url=https%3A%2F%2Fi.ibb.co%2FCvnw8GY%2Fservice04.png&w=256&q=75 1x, /_next/image?url=https%3A%2F%2Fi.ibb.co%2FCvnw8GY%2Fservice04.png&w=384&q=75 2x"
          style="color: transparent; width: 100%; height: 100%; background-size: cover; background-position: 50% 50%; background-repeat: no-repeat;"
          width="161"
        />
      </div>
      <div
        class="css-1g4yje1"
        justify-content="flex-end"
      >
        <div
          class="css-17xejub"
        />
        <p
          class="chakra-text css-od0eia"
        >
          Electrician
        </p>
        <p
          class="chakra-text css-18bew60"
        >
          €50
        </p>
      </div>
    </a>
  </div>
</div>
`;
