// Jest Snapshot v1, https://goo.gl/fbAQLP

exports[`ProductStatistics test cases should render correctly 1`] = `
<div>
  <div
    class="css-kbu70o"
  >
    <div
      class="css-69i1ev"
    >
      <h3
        class="chakra-heading css-0"
      >
        Total Products
      </h3>
      <p
        class="chakra-text css-0"
      >
        350
      </p>
    </div>
    <div
      class="css-1thka4w"
    >
      <div
        class="css-jr1uaz"
      >
        <p
          class="chakra-text css-0"
        >
          285
        </p>
        <p
          class="chakra-text css-0"
        >
          Activated
        </p>
      </div>
      <div
        class="css-1hmean7"
      >
        <img
          alt="Total product"
          data-nimg="1"
          decoding="async"
          fetchpriority="high"
          height="180"
          src="/_next/image?url=https%3A%2F%2Fi.ibb.co%2FCH5rb0L%2Ftotal-product.webp&w=640&q=75"
          srcset="/_next/image?url=https%3A%2F%2Fi.ibb.co%2FCH5rb0L%2Ftotal-product.webp&w=256&q=75 1x, /_next/image?url=https%3A%2F%2Fi.ibb.co%2FCH5rb0L%2Ftotal-product.webp&w=640&q=75 2x"
          style="color: transparent; width: 100%; height: auto; background-size: cover; background-position: 50% 50%; background-repeat: no-repeat;"
          width="200"
        />
      </div>
      <div
        class="css-1hj06vn"
      >
        <p
          class="chakra-text css-0"
        >
          65
        </p>
        <p
          class="chakra-text css-0"
        >
          Deactivated
        </p>
      </div>
    </div>
    <div
      class="css-spe7u7"
    >
      <button
        class="chakra-button css-4xx2wk"
        type="button"
      >
        <div
          class="css-70qvj9"
        >
          <div
            class="chakra-icon css-19b2uvg"
            focusable="false"
          />
          <p
            class="chakra-text css-0"
            data-testid="status-value"
          >
            Activated
          </p>
        </div>
      </button>
      <button
        class="chakra-button css-4xx2wk"
        type="button"
      >
        <div
          class="css-70qvj9"
        >
          <div
            class="chakra-icon css-crig9m"
            focusable="false"
          />
          <p
            class="chakra-text css-0"
            data-testid="status-value"
          >
            Deactivated
          </p>
        </div>
      </button>
    </div>
  </div>
</div>
`;
